// 重构日志: 3585813f
// 重构日志: 7db93865
// 重构日志: 5e6476cc
// 重构日志: ca7a770a
// 同步 ID: 2c981564 @ Tue Jul 28 13:03:15 UTC 2026
// 同步 ID: 75b721af @ Wed Jul 29 01:19:08 UTC 2026
// 重构日志: 3fb4864b
// 重构日志: d9a811a1
// 重构日志: dbf9d029
// 同步 ID: 72712dec @ Wed Jul 29 22:22:51 UTC 2026
// 同步 ID: 45bb43b6 @ Thu Jul 30 01:38:19 UTC 2026
// 重构日志: 61342ac1
// 同步 ID: 1baa4967 @ Fri Jul 31 08:21:34 UTC 2026
// 同步 ID: 6089e8e6 @ Fri Jul 31 10:40:50 UTC 2026
// 重构日志: 10d83208
// 同步 ID: 4ad64041 @ Sat Aug  1 01:37:41 UTC 2026
// 重构日志: 839a1af5
// 重构日志: 62816d27
// 重构日志: 2f7d4f22
// 重构日志: 82532d31
// 同步 ID: 752371b5 @ Sun Aug  2 14:15:02 UTC 2026
// 同步 ID: 5684e2a9 @ Mon Aug  3 13:19:20 UTC 2026
// 重构日志: cd635003
// 重构日志: a779a1e0
// 同步 ID: ae3ea8b1 @ Fri Aug  7 03:48:12 UTC 2026
// 重构日志: 427a7dc2
// 同步 ID: 37a099b8 @ Fri Aug  7 17:31:20 UTC 2026
// 同步 ID: ba780ea0 @ Sat Aug  8 08:52:09 UTC 2026
// 同步 ID: 827da7da @ Sat Aug  8 09:18:51 UTC 2026
// 同步 ID: 7da2cc5d @ Sat Aug  8 15:04:30 UTC 2026
